// Jest Snapshot v1, https://goo.gl/fbAQLP

exports[`Test: SideBar Element match the SideBar component with it's previous snapShot, nothing should be changed! 1`] = `
Object {
  "asFragment": [Function],
  "baseElement": <body>
    <div>
      <div
        class="sc-bdnyFh bUWRyS"
      >
        <div
          class="sc-gtsqUy josaOb"
        >
          <div
            class="sc-hKFymg gLQwYZ"
          >
            <section
              class="sc-jSFipO ebnrbb"
            >
              <p>
                Navigation
              </p>
            </section>
            <div
              class="sc-eCAqax cvyNAB"
            >
              <img
                alt="fraud_prevention.png"
                src="/assets/icons/fraud_prevention.png"
              />
              <p>
                Money Laundering and Fraud Prevention
              </p>
            </div>
            <div
              class="sc-eCAqax cvyNAB"
            >
              <img
                alt="it_security.png"
                src="/assets/icons/it_security.png"
              />
              <p>
                IT Secourity and Information Secourity
              </p>
            </div>
            <div
              class="sc-eCAqax cvyNAB"
            >
              <img
                alt="data_protection.png"
                src="/assets/icons/data_protection.png"
              />
              <p>
                Data Protection
              </p>
            </div>
            <div
              class="sc-eCAqax cvyNAB"
            >
              <img
                alt="wphg.png"
                src="/assets/icons/wphg.png"
              />
              <p>
                WpHG-Compliance
              </p>
            </div>
          </div>
          <div
            class="sc-iCoHzw qeYNG"
          >
            <section
              class="sc-jSFipO ebnrbb"
            >
              <p>
                contact
              </p>
            </section>
            <div
              class="sc-gKAaef fBaJEg"
            >
              <p>
                Technical Suport
              </p>
              <p>
                John Doe
              </p>
              <p>
                it.dep@interiktive.com
              </p>
            </div>
            <div
              class="sc-gKAaef fBaJEg"
            >
              <p>
                Content-didactic topics
              </p>
              <p>
                John Roe
              </p>
              <p>
                content.dep@interiktive.com
              </p>
            </div>
          </div>
        </div>
      </div>
    </div>
  </body>,
  "container": <div>
    <div
      class="sc-bdnyFh bUWRyS"
    >
      <div
        class="sc-gtsqUy josaOb"
      >
        <div
          class="sc-hKFymg gLQwYZ"
        >
          <section
            class="sc-jSFipO ebnrbb"
          >
            <p>
              Navigation
            </p>
          </section>
          <div
            class="sc-eCAqax cvyNAB"
          >
            <img
              alt="fraud_prevention.png"
              src="/assets/icons/fraud_prevention.png"
            />
            <p>
              Money Laundering and Fraud Prevention
            </p>
          </div>
          <div
            class="sc-eCAqax cvyNAB"
          >
            <img
              alt="it_security.png"
              src="/assets/icons/it_security.png"
            />
            <p>
              IT Secourity and Information Secourity
            </p>
          </div>
          <div
            class="sc-eCAqax cvyNAB"
          >
            <img
              alt="data_protection.png"
              src="/assets/icons/data_protection.png"
            />
            <p>
              Data Protection
            </p>
          </div>
          <div
            class="sc-eCAqax cvyNAB"
          >
            <img
              alt="wphg.png"
              src="/assets/icons/wphg.png"
            />
            <p>
              WpHG-Compliance
            </p>
          </div>
        </div>
        <div
          class="sc-iCoHzw qeYNG"
        >
          <section
            class="sc-jSFipO ebnrbb"
          >
            <p>
              contact
            </p>
          </section>
          <div
            class="sc-gKAaef fBaJEg"
          >
            <p>
              Technical Suport
            </p>
            <p>
              John Doe
            </p>
            <p>
              it.dep@interiktive.com
            </p>
          </div>
          <div
            class="sc-gKAaef fBaJEg"
          >
            <p>
              Content-didactic topics
            </p>
            <p>
              John Roe
            </p>
            <p>
              content.dep@interiktive.com
            </p>
          </div>
        </div>
      </div>
    </div>
  </div>,
  "debug": [Function],
  "findAllByAltText": [Function],
  "findAllByDisplayValue": [Function],
  "findAllByLabelText": [Function],
  "findAllByPlaceholderText": [Function],
  "findAllByRole": [Function],
  "findAllByTestId": [Function],
  "findAllByText": [Function],
  "findAllByTitle": [Function],
  "findByAltText": [Function],
  "findByDisplayValue": [Function],
  "findByLabelText": [Function],
  "findByPlaceholderText": [Function],
  "findByRole": [Function],
  "findByTestId": [Function],
  "findByText": [Function],
  "findByTitle": [Function],
  "getAllByAltText": [Function],
  "getAllByDisplayValue": [Function],
  "getAllByLabelText": [Function],
  "getAllByPlaceholderText": [Function],
  "getAllByRole": [Function],
  "getAllByTestId": [Function],
  "getAllByText": [Function],
  "getAllByTitle": [Function],
  "getByAltText": [Function],
  "getByDisplayValue": [Function],
  "getByLabelText": [Function],
  "getByPlaceholderText": [Function],
  "getByRole": [Function],
  "getByTestId": [Function],
  "getByText": [Function],
  "getByTitle": [Function],
  "queryAllByAltText": [Function],
  "queryAllByDisplayValue": [Function],
  "queryAllByLabelText": [Function],
  "queryAllByPlaceholderText": [Function],
  "queryAllByRole": [Function],
  "queryAllByTestId": [Function],
  "queryAllByText": [Function],
  "queryAllByTitle": [Function],
  "queryByAltText": [Function],
  "queryByDisplayValue": [Function],
  "queryByLabelText": [Function],
  "queryByPlaceholderText": [Function],
  "queryByRole": [Function],
  "queryByTestId": [Function],
  "queryByText": [Function],
  "queryByTitle": [Function],
  "rerender": [Function],
  "unmount": [Function],
}
`;
